../Core/Src/main.c:91:6:HAL_ADC_ConvCpltCallback	16	static
../Core/Src/main.c:99:6:delay	16	static
../Core/Src/main.c:104:6:HAL_TIM_IC_CaptureCallback	48	static
../Core/Src/main.c:138:6:HCSR04_Read	8	static
../Core/Src/main.c:145:6:ADC_CH1	24	static
../Core/Src/main.c:155:6:TEMP_CH2	24	static
../Core/Src/main.c:164:6:xultra	56	static
../Core/Src/main.c:177:6:vADCLM35	56	static
../Core/Src/main.c:196:6:xADCMQ2	56	static
../Core/Src/main.c:216:6:vADCTEMP_LDR	88	static
../Core/Src/main.c:253:6:vADCRecievingTask	104	static
../Core/Src/main.c:275:5:main	56	static
../Core/Src/main.c:361:6:SystemClock_Config	88	static
../Core/Src/main.c:408:13:MX_ADC1_Init	24	static
../Core/Src/main.c:469:13:MX_ADC2_Init	24	static
../Core/Src/main.c:521:13:MX_ADC3_Init	24	static
../Core/Src/main.c:573:13:MX_TIM2_Init	32	static
../Core/Src/main.c:621:13:MX_USART2_UART_Init	8	static
../Core/Src/main.c:652:13:MX_DMA_Init	16	static
../Core/Src/main.c:670:13:MX_GPIO_Init	40	static
../Core/Src/main.c:706:6:StartDefaultTask	16	static
../Core/Src/main.c:725:6:HAL_TIM_PeriodElapsedCallback	16	static
../Core/Src/main.c:742:6:Error_Handler	4	static,ignoring_inline_asm
